// Jest Snapshot v1, https://goo.gl/fbAQLP

exports[`Menu should render correctly 1`] = `
<header>
  <nav
    className="navbar navbar-expand-lg navbar-dark bg-dark"
  >
    <div
      className="container"
    >
      <div
        className="navbar-header"
      >
        <a
          className="navbar-brand"
          href="/"
          onClick={[Function]}
        >
          Reactagram
        </a>
      </div>
      <ul
        className="nav navbar-nav navbar-right"
      />
    </div>
  </nav>
</header>
`;
